n=100 best brute => 0.045 us  (found=1)
n=100 best rowBS => 0.0054 us  (found=1)
n=100 best stair => 0.0026 us  (found=1)
n=100 best divide => 0.41875 us  (found=1)
n=100 middle brute => 1.395 us  (found=1)
n=100 middle rowBS => 0.03335 us  (found=1)
n=100 middle stair => 0.06645 us  (found=1)
n=100 middle divide => 0.17885 us  (found=1)
n=100 worst brute => 3.195 us  (found=1)
n=100 worst rowBS => 0.0472 us  (found=1)
n=100 worst stair => 0.11175 us  (found=1)
n=100 worst divide => 0.03335 us  (found=1)
n=100 miss brute => 3.4 us  (found=0)
n=100 miss rowBS => 0.04315 us  (found=0)
n=100 miss stair => 0.0591 us  (found=0)
n=100 miss divide => 0.00215 us  (found=0)
n=500 best brute => 0.135 us  (found=1)
n=500 best rowBS => 0.0068 us  (found=1)
n=500 best stair => 0.00245 us  (found=1)
n=500 best divide => 1.3449 us  (found=1)
n=500 middle brute => 33.77 us  (found=1)
n=500 middle rowBS => 0.1848 us  (found=1)
n=500 middle stair => 0.3171 us  (found=1)
n=500 middle divide => 0.67275 us  (found=1)
n=500 worst brute => 57.925 us  (found=1)
n=500 worst rowBS => 0.3137 us  (found=1)
n=500 worst stair => 0.56665 us  (found=1)
n=500 worst divide => 0.0388 us  (found=1)
n=500 miss brute => 66.43 us  (found=0)
n=500 miss rowBS => 0.32695 us  (found=0)
n=500 miss stair => 0.32125 us  (found=0)
n=500 miss divide => 0.0021 us  (found=0)
n=1000 best brute => 0.22 us  (found=1)
n=1000 best rowBS => 0.0062 us  (found=1)
n=1000 best stair => 0.0016 us  (found=1)
n=1000 best divide => 2.9392 us  (found=1)
n=1000 middle brute => 133.54 us  (found=1)
n=1000 middle rowBS => 0.3996 us  (found=1)
n=1000 middle stair => 0.6616 us  (found=1)
n=1000 middle divide => 1.1908 us  (found=1)
n=1000 worst brute => 249.74 us  (found=1)
n=1000 worst rowBS => 0.7792 us  (found=1)
n=1000 worst stair => 1.3282 us  (found=1)
n=1000 worst divide => 0.0402 us  (found=1)
n=1000 miss brute => 238.74 us  (found=0)
n=1000 miss rowBS => 0.7068 us  (found=0)
n=1000 miss stair => 0.6292 us  (found=0)
n=1000 miss divide => 0.0024 us  (found=0)
n=1500 best brute => 0.38 us  (found=1)
n=1500 best rowBS => 0.0074 us  (found=1)
n=1500 best stair => 0.0022 us  (found=1)
n=1500 best divide => 2.7226 us  (found=1)
n=1500 middle brute => 270.26 us  (found=1)
n=1500 middle rowBS => 0.5546 us  (found=1)
n=1500 middle stair => 1.226 us  (found=1)
n=1500 middle divide => 1.4594 us  (found=1)
n=1500 worst brute => 599.06 us  (found=1)
n=1500 worst rowBS => 1.204 us  (found=1)
n=1500 worst stair => 1.926 us  (found=1)
n=1500 worst divide => 0.0434 us  (found=1)
n=1500 miss brute => 706.6 us  (found=0)
n=1500 miss rowBS => 1.5148 us  (found=0)
n=1500 miss stair => 1.4198 us  (found=0)
n=1500 miss divide => 0.0022 us  (found=0)
n=2000 best brute => 0.45 us  (found=1)
n=2000 best rowBS => 0.007 us  (found=1)
n=2000 best stair => 0.002 us  (found=1)
n=2000 best divide => 5.5785 us  (found=1)
n=2000 middle brute => 703.9 us  (found=1)
n=2000 middle rowBS => 0.6985 us  (found=1)
n=2000 middle stair => 1.3425 us  (found=1)
n=2000 middle divide => 2.7375 us  (found=1)
n=2000 worst brute => 2048.25 us  (found=1)
n=2000 worst rowBS => 8.1135 us  (found=1)
n=2000 worst stair => 3.6415 us  (found=1)
n=2000 worst divide => 0.053 us  (found=1)
n=2000 miss brute => 1379.95 us  (found=0)
n=2000 miss rowBS => 7.0615 us  (found=0)
n=2000 miss stair => 2.716 us  (found=0)
n=2000 miss divide => 0.002 us  (found=0)
n=2500 best brute => 0.7 us  (found=1)
n=2500 best rowBS => 0.0065 us  (found=1)
n=2500 best stair => 0.002 us  (found=1)
n=2500 best divide => 5.6385 us  (found=1)
n=2500 middle brute => 1326.65 us  (found=1)
n=2500 middle rowBS => 1.251 us  (found=1)
n=2500 middle stair => 1.9495 us  (found=1)
n=2500 middle divide => 4.5755 us  (found=1)
n=2500 worst brute => 3809.2 us  (found=1)
n=2500 worst rowBS => 13.91 us  (found=1)
n=2500 worst stair => 7.958 us  (found=1)
n=2500 worst divide => 0.049 us  (found=1)
n=2500 miss brute => 2651.5 us  (found=0)
n=2500 miss rowBS => 13.74 us  (found=0)
n=2500 miss stair => 6.3215 us  (found=0)
n=2500 miss divide => 0.002 us  (found=0)
n=3000 best brute => 3.65 us  (found=1)
n=3000 best rowBS => 0.009 us  (found=1)
n=3000 best stair => 0.003 us  (found=1)
n=3000 best divide => 6.0645 us  (found=1)
n=3000 middle brute => 2233.35 us  (found=1)
n=3000 middle rowBS => 6.6445 us  (found=1)
n=3000 middle stair => 2.3505 us  (found=1)
n=3000 middle divide => 2.605 us  (found=1)
n=3000 worst brute => 3911 us  (found=1)
n=3000 worst rowBS => 20.3965 us  (found=1)
n=3000 worst stair => 11.69 us  (found=1)
n=3000 worst divide => 0.047 us  (found=1)
n=3000 miss brute => 4325.55 us  (found=0)
n=3000 miss rowBS => 19.7325 us  (found=0)
n=3000 miss stair => 8.4875 us  (found=0)
n=3000 miss divide => 0.0025 us  (found=0)
